// Jest Snapshot v1, https://goo.gl/fbAQLP

exports[`App component snapshot - app component 1`] = `
Object {
  "asFragment": [Function],
  "baseElement": <body>
    <div>
      <div>
        <nav
          class="menu"
        >
          <div
            class="menu__container"
          >
            <h3
              class="menu__header"
            >
              World of GuRepio planners
            </h3>
            <ul
              class="menu__elements"
            >
              <li
                class="menu__elements__item"
              >
                There could be a menu
              </li>
              <li
                class="menu__elements__item"
              >
                <address>
                  <a
                    class="menu__elements__item menu__elements__anchor"
                    href="https://github.com/Relativelie?tab=repositories"
                    rel="noreferrer"
                    target="_blank"
                  >
                    Go to github
                  </a>
                </address>
              </li>
            </ul>
          </div>
        </nav>
        <main>
          <div
            class="addList__buttonContainer"
          >
            <button
              type="button"
            >
              Add another list
            </button>
          </div>
          <div
            class="listsBlock"
            data-rbd-droppable-context-id="0"
            data-rbd-droppable-id="lists"
          >
            <div
              class="listsBlock__container"
            />
          </div>
        </main>
      </div>
    </div>
    <div
      aria-atomic="true"
      aria-live="assertive"
      id="rbd-announcement-0"
      style="position: absolute; width: 1px; height: 1px; margin: -1px; border: 0px; padding: 0px; overflow: hidden; clip-path: inset(100%);"
    />
    <div
      id="rbd-hidden-text-0-hidden-text-0"
      style="display: none;"
    >
      
  Press space bar to start a drag.
  When dragging you can use the arrow keys to move the item around and escape to cancel.
  Some screen readers may require you to be in focus mode or to use your pass through key

    </div>
  </body>,
  "container": <div>
    <div>
      <nav
        class="menu"
      >
        <div
          class="menu__container"
        >
          <h3
            class="menu__header"
          >
            World of GuRepio planners
          </h3>
          <ul
            class="menu__elements"
          >
            <li
              class="menu__elements__item"
            >
              There could be a menu
            </li>
            <li
              class="menu__elements__item"
            >
              <address>
                <a
                  class="menu__elements__item menu__elements__anchor"
                  href="https://github.com/Relativelie?tab=repositories"
                  rel="noreferrer"
                  target="_blank"
                >
                  Go to github
                </a>
              </address>
            </li>
          </ul>
        </div>
      </nav>
      <main>
        <div
          class="addList__buttonContainer"
        >
          <button
            type="button"
          >
            Add another list
          </button>
        </div>
        <div
          class="listsBlock"
          data-rbd-droppable-context-id="0"
          data-rbd-droppable-id="lists"
        >
          <div
            class="listsBlock__container"
          />
        </div>
      </main>
    </div>
  </div>,
  "debug": [Function],
  "findAllByAltText": [Function],
  "findAllByDisplayValue": [Function],
  "findAllByLabelText": [Function],
  "findAllByPlaceholderText": [Function],
  "findAllByRole": [Function],
  "findAllByTestId": [Function],
  "findAllByText": [Function],
  "findAllByTitle": [Function],
  "findByAltText": [Function],
  "findByDisplayValue": [Function],
  "findByLabelText": [Function],
  "findByPlaceholderText": [Function],
  "findByRole": [Function],
  "findByTestId": [Function],
  "findByText": [Function],
  "findByTitle": [Function],
  "getAllByAltText": [Function],
  "getAllByDisplayValue": [Function],
  "getAllByLabelText": [Function],
  "getAllByPlaceholderText": [Function],
  "getAllByRole": [Function],
  "getAllByTestId": [Function],
  "getAllByText": [Function],
  "getAllByTitle": [Function],
  "getByAltText": [Function],
  "getByDisplayValue": [Function],
  "getByLabelText": [Function],
  "getByPlaceholderText": [Function],
  "getByRole": [Function],
  "getByTestId": [Function],
  "getByText": [Function],
  "getByTitle": [Function],
  "queryAllByAltText": [Function],
  "queryAllByDisplayValue": [Function],
  "queryAllByLabelText": [Function],
  "queryAllByPlaceholderText": [Function],
  "queryAllByRole": [Function],
  "queryAllByTestId": [Function],
  "queryAllByText": [Function],
  "queryAllByTitle": [Function],
  "queryByAltText": [Function],
  "queryByDisplayValue": [Function],
  "queryByLabelText": [Function],
  "queryByPlaceholderText": [Function],
  "queryByRole": [Function],
  "queryByTestId": [Function],
  "queryByText": [Function],
  "queryByTitle": [Function],
  "rerender": [Function],
  "unmount": [Function],
}
`;
